[0m23:17:43.667802 [debug] [MainThread]: Sending event: {'category': 'dbt', 'action': 'invocation', 'label': 'start', 'context': [<snowplow_tracker.self_describing_json.SelfDescribingJson object at 0x0000020DFFCB67B0>, <snowplow_tracker.self_describing_json.SelfDescribingJson object at 0x0000020D824A7ED0>, <snowplow_tracker.self_describing_json.SelfDescribingJson object at 0x0000020D824A79D0>]}


============================== 23:17:43.671501 | eb0881b0-bd07-4bc5-8403-86cc61cdfb6f ==============================
[0m23:17:43.671501 [info ] [MainThread]: Running with dbt=1.12.3
[0m23:17:43.672065 [debug] [MainThread]: running dbt with arguments {'version_check': 'True', 'no_print': 'None', 'maximum_seed_size_mib': '1', 'warn_error_options': 'WarnErrorOptionsV2(error=[], warn=[], silence=[])', 'target_path': 'None', 'static_parser': 'True', 'printer_width': '80', 'write_json': 'True', 'empty': 'None', 'log_cache_events': 'False', 'introspect': 'True', 'cache_selected_only': 'False', 'fail_fast': 'False', 'debug': 'False', 'log_format': 'default', 'partial_parse': 'True', 'send_anonymous_usage_stats': 'True', 'quiet': 'False', 'warn_error': 'None', 'profiles_dir': 'C:\\Users\\Alisson\\.dbt', 'use_colors': 'True', 'hints_enabled': 'True', 'invocation_command': 'dbt debug', 'use_experimental_parser': 'False', 'indirect_selection': 'eager', 'log_path': 'logs'}
[0m23:17:43.692736 [info ] [MainThread]: dbt version: 1.12.3
[0m23:17:43.693146 [info ] [MainThread]: python version: 3.13.2
[0m23:17:43.693550 [info ] [MainThread]: python path: C:\Dev\Projetos\data-engineering\sales-data-pipeline-os\.venv\Scripts\python.exe
[0m23:17:43.693944 [info ] [MainThread]: os info: Windows-11-10.0.26200-SP0
[0m23:17:43.741650 [info ] [MainThread]: Using profiles dir at C:\Users\Alisson\.dbt
[0m23:17:43.742099 [info ] [MainThread]: Using profiles.yml file at C:\Users\Alisson\.dbt\profiles.yml
[0m23:17:43.742503 [info ] [MainThread]: Using dbt_project.yml file at C:\Dev\Projetos\data-engineering\sales-data-pipeline-os\dbt_project.yml
[0m23:17:43.743649 [info ] [MainThread]: adapter type: postgres
[0m23:17:43.743990 [info ] [MainThread]: adapter version: 1.11.0
[0m23:17:43.744417 [info ] [MainThread]: Configuration:
[0m23:17:43.744764 [info ] [MainThread]:   profiles.yml file [[32mOK found and valid[0m]
[0m23:17:43.745129 [info ] [MainThread]:   dbt_project.yml file [[31mERROR not found[0m]
[0m23:17:43.745522 [info ] [MainThread]: Required dependencies:
[0m23:17:43.745909 [debug] [MainThread]: Executing "git --help"
[0m23:17:43.790234 [debug] [MainThread]: STDOUT: "b"usage: git [-v | --version] [-h | --help] [-C <path>] [-c <name>=<value>]\n           [--exec-path[=<path>]] [--html-path] [--man-path] [--info-path]\n           [-p | --paginate | -P | --no-pager] [--no-replace-objects] [--no-lazy-fetch]\n           [--no-optional-locks] [--no-advice] [--bare] [--git-dir=<path>]\n           [--work-tree=<path>] [--namespace=<name>] [--config-env=<name>=<envvar>]\n           <command> [<args>]\n\nThese are common Git commands used in various situations:\n\nstart a working area (see also: git help tutorial)\n   clone      Clone a repository into a new directory\n   init       Create an empty Git repository or reinitialize an existing one\n\nwork on the current change (see also: git help everyday)\n   add        Add file contents to the index\n   mv         Move or rename a file, a directory, or a symlink\n   restore    Restore working tree files\n   rm         Remove files from the working tree and from the index\n\nexamine the history and state (see also: git help revisions)\n   bisect     Use binary search to find the commit that introduced a bug\n   diff       Show changes between commits, commit and working tree, etc\n   grep       Print lines matching a pattern\n   log        Show commit logs\n   show       Show various types of objects\n   status     Show the working tree status\n\ngrow, mark and tweak your common history\n   backfill   Download missing objects in a partial clone\n   branch     List, create, or delete branches\n   commit     Record changes to the repository\n   history    EXPERIMENTAL: Rewrite history\n   merge      Join two or more development histories together\n   rebase     Reapply commits on top of another base tip\n   reset      Set `HEAD` or the index to a known state\n   switch     Switch branches\n   tag        Create, list, delete or verify tags\n\ncollaborate (see also: git help workflows)\n   fetch      Download objects and refs from another repository\n   pull       Fetch from and integrate with another repository or a local branch\n   push       Update remote refs along with associated objects\n\n'git help -a' and 'git help -g' list available subcommands and some\nconcept guides. See 'git help <command>' or 'git help <concept>'\nto read about a specific subcommand or concept.\nSee 'git help git' for an overview of the system.\n""
[0m23:17:43.790721 [debug] [MainThread]: STDERR: "b''"
[0m23:17:43.791096 [info ] [MainThread]:  - git [[32mOK found[0m]

[0m23:17:43.791482 [info ] [MainThread]: Connection:
[0m23:17:43.791872 [info ] [MainThread]:   host: localhost
[0m23:17:43.792243 [info ] [MainThread]:   port: 5432
[0m23:17:43.792638 [info ] [MainThread]:   user: data_user
[0m23:17:43.793011 [info ] [MainThread]:   database: sales_dw
[0m23:17:43.793346 [info ] [MainThread]:   schema: staging
[0m23:17:43.793715 [info ] [MainThread]:   connect_timeout: 10
[0m23:17:43.794063 [info ] [MainThread]:   role: None
[0m23:17:43.794394 [info ] [MainThread]:   search_path: None
[0m23:17:43.794720 [info ] [MainThread]:   keepalives_idle: 0
[0m23:17:43.795005 [info ] [MainThread]:   sslmode: None
[0m23:17:43.795267 [info ] [MainThread]:   sslcert: None
[0m23:17:43.795583 [info ] [MainThread]:   sslkey: None
[0m23:17:43.795921 [info ] [MainThread]:   sslrootcert: None
[0m23:17:43.796246 [info ] [MainThread]:   application_name: dbt
[0m23:17:43.796629 [info ] [MainThread]:   autocommit: False
[0m23:17:43.796993 [info ] [MainThread]:   retries: 1
[0m23:17:43.797632 [info ] [MainThread]: Registered adapter: postgres=1.11.0
[0m23:17:44.106327 [debug] [MainThread]: Acquiring new postgres connection 'debug'
[0m23:17:45.723423 [debug] [MainThread]: Using postgres connection "debug"
[0m23:17:45.723800 [debug] [MainThread]: On debug: select 1 as id
[0m23:17:45.724030 [debug] [MainThread]: Opening a new connection, currently in state init
[0m23:17:45.739904 [debug] [MainThread]: SQL status: SELECT 1 in 0.016 seconds
[0m23:17:45.740726 [debug] [MainThread]: On debug: Close
[0m23:17:45.741059 [info ] [MainThread]:   Connection test: [[32mOK connection ok[0m]

[0m23:17:45.741495 [info ] [MainThread]: [31m1 check failed:[0m
[0m23:17:45.741852 [info ] [MainThread]: Project loading failed for the following reason:
 project path <C:\Dev\Projetos\data-engineering\sales-data-pipeline-os\dbt_project.yml> not found

[0m23:17:45.742761 [debug] [MainThread]: Command `dbt debug` failed at 23:17:45.742673 after 2.25 seconds
[0m23:17:45.743022 [debug] [MainThread]: Connection 'debug' was properly closed.
[0m23:17:45.743291 [debug] [MainThread]: Sending event: {'category': 'dbt', 'action': 'invocation', 'label': 'end', 'context': [<snowplow_tracker.self_describing_json.SelfDescribingJson object at 0x0000020D826E9940>, <snowplow_tracker.self_describing_json.SelfDescribingJson object at 0x0000020D82BC45F0>, <snowplow_tracker.self_describing_json.SelfDescribingJson object at 0x0000020D825C7570>]}
[0m23:17:45.743595 [debug] [MainThread]: Flushing usage events
[0m23:17:46.594806 [debug] [MainThread]: An error was encountered while trying to flush usage events
[0m23:31:10.946860 [debug] [MainThread]: Sending event: {'category': 'dbt', 'action': 'invocation', 'label': 'start', 'context': [<snowplow_tracker.self_describing_json.SelfDescribingJson object at 0x00000205C57B67B0>, <snowplow_tracker.self_describing_json.SelfDescribingJson object at 0x00000205C7FB7D90>, <snowplow_tracker.self_describing_json.SelfDescribingJson object at 0x00000205C7FB7890>]}


============================== 23:31:10.950821 | 86d5a68a-be58-4acf-b550-eb280e278932 ==============================
[0m23:31:10.950821 [info ] [MainThread]: Running with dbt=1.12.3
[0m23:31:10.951500 [debug] [MainThread]: running dbt with arguments {'static_parser': 'True', 'no_print': 'None', 'maximum_seed_size_mib': '1', 'target_path': 'None', 'warn_error_options': 'WarnErrorOptionsV2(error=[], warn=[], silence=[])', 'version_check': 'True', 'printer_width': '80', 'write_json': 'True', 'introspect': 'True', 'log_cache_events': 'False', 'empty': 'False', 'cache_selected_only': 'False', 'fail_fast': 'False', 'debug': 'False', 'log_format': 'default', 'partial_parse': 'True', 'send_anonymous_usage_stats': 'True', 'quiet': 'False', 'warn_error': 'None', 'profiles_dir': 'C:\\Users\\Alisson\\.dbt', 'use_colors': 'True', 'hints_enabled': 'True', 'invocation_command': 'dbt run', 'use_experimental_parser': 'False', 'indirect_selection': 'eager', 'log_path': 'logs'}
[0m23:31:10.952027 [error] [MainThread]: [[31mERROR[0m]: Encountered an error:
Runtime Error
  No dbt_project.yml found at expected path C:\Dev\Projetos\data-engineering\sales-data-pipeline-os\dbt_project.yml
  Verify that each entry within packages.yml (and their transitive dependencies) contains a file named dbt_project.yml
  
[0m23:31:10.952964 [debug] [MainThread]: Command `dbt run` failed at 23:31:10.952852 after 0.13 seconds
[0m23:31:10.953292 [debug] [MainThread]: Sending event: {'category': 'dbt', 'action': 'invocation', 'label': 'end', 'context': [<snowplow_tracker.self_describing_json.SelfDescribingJson object at 0x00000205C800CD60>, <snowplow_tracker.self_describing_json.SelfDescribingJson object at 0x00000205C7F6AD50>, <snowplow_tracker.self_describing_json.SelfDescribingJson object at 0x00000205C7FEAE00>]}
[0m23:31:10.953622 [debug] [MainThread]: Flushing usage events
[0m23:31:11.816097 [debug] [MainThread]: An error was encountered while trying to flush usage events
